// Vitest Snapshot v1, https://vitest.dev/guide/snapshot.html

exports[`POST /users/login > Invalid password or email 1`] = `
{
  "error": "Unauthorized",
}
`;

exports[`POST /users/login > Success user login 1`] = `
{
  "email": "test@gmail.com",
  "token": "eyJhbGciOiJIUzI1NiJ9.eyJlbWFpbCI6InRlc3RAZ21haWwuY29tIiwiaWQiOiI2NTliMjcwNTFkMDI3ZmRiNGRkOTQ1YjYiLCJpYXQiOjE3MDQ2NjY4ODUsImV4cCI6MTcwNDY2NzI0NX0.hp0F__2gvVrxfcHe03NB8Vnn6O9dSWnLhMd6pYzOncQ",
}
`;
