// Vitest Snapshot v1, https://vitest.dev/guide/snapshot.html

exports[`POST /offers > Success offers create 1`] = `
{
  "city": "Cologne",
  "commentsCount": 0,
  "coordinates": {
    "latitude": 2.22222,
    "longitude": 3.444444,
  },
  "cost": 10000,
  "description": "descriptiontwentylenght",
  "facilities": [
    "AirConditioning",
  ],
  "guestCount": 2,
  "housingType": "Hotel",
  "id": "659b253894c716e5f827c638",
  "images": "http://localhost:4000/upload/",
  "name": "nametenlenght",
  "offerAuthor": {
    "avatar": "http://localhost:4000/static/empty-avatar.jpg",
    "email": "test@gmail.com",
    "id": "659b253894c716e5f827c635",
    "type": "simple",
    "username": "name",
  },
  "premium": true,
  "previewImage": "http://localhost:4000/upload/",
  "publicationDate": "2024-01-07T22:27:04.864Z",
  "rating": 1,
  "roomCount": 1,
}
`;
